// Jest Snapshot v1, https://goo.gl/fbAQLP

exports[`SplashScreen renders correctly 1`] = `
<View
  colors={
    [
      "#9933FF",
      "#33CCFF",
    ]
  }
  end={
    {
      "x": 1,
      "y": 0,
    }
  }
  start={
    {
      "x": 0,
      "y": 1,
    }
  }
  style={
    {
      "alignItems": "center",
      "flex": 1,
      "height": 1334,
      "justifyContent": "center",
      "width": 750,
    }
  }
>
  <View
    style={
      {
        "alignItems": "center",
      }
    }
  >
    <Text
      style={
        {
          "color": "white",
          "fontSize": 48,
          "fontWeight": "bold",
          "textAlign": "center",
        }
      }
    >
      RaisinEat
    </Text>
  </View>
</View>
`;
